// Vitest Snapshot v1, https://vitest.dev/guide/snapshot.html

exports[`BaseInput > matches snapshot 1`] = `"<q-input-stub modelvalue="test" label="Input Label" rules="" noerroricon="false" reactiverules="false" lazyrules="false" stacklabel="false" hidehint="false" filled="true" outlined="false" borderless="false" standout="false" square="false" loading="false" labelslot="false" bottomslots="false" hidebottomspace="false" rounded="false" dense="false" itemaligned="false" counter="false" clearable="false" disable="false" autofocus="false" reversefillmask="false" fillmask="false" unmaskedvalue="false" type="text" autogrow="false"></q-input-stub>"`;
